// Bun Snapshot v1, https://goo.gl/fbAQLP

exports[`cycle should combine moves correctly 1`] = `
[
  [
    "back",
    "up",
    "right",
  ],
  [
    "up",
    "up",
    "up",
  ],
  [
    "up",
    "up",
    "front",
  ],
]
`;

exports[`cycle should combine moves correctly 2`] = `
[
  [
    "down",
    "down",
    "down",
  ],
  [
    "down",
    "down",
    "down",
  ],
  [
    "down",
    "down",
    "down",
  ],
]
`;

exports[`cycle should combine moves correctly 3`] = `
Cube {
  "centers": [
    0,
    1,
    2,
    3,
    4,
    5,
  ],
  "corners": {
    "orient": [
      2,
      1,
      1,
      2,
      0,
      1,
      2,
      0,
    ],
    "perm": [
      0,
      1,
      2,
      3,
      4,
      5,
      6,
      7,
    ],
  },
  "edges": {
    "orient": [
      0,
      0,
      0,
      0,
      0,
      0,
      0,
      0,
      0,
      0,
      0,
      0,
    ],
    "perm": [
      2,
      0,
      1,
      3,
      4,
      5,
      6,
      7,
      8,
      9,
      10,
      11,
    ],
  },
  "moves": "",
}
`;
